Loading required namespace: pkgload
Loading roxygen2
First time using roxygen2. Upgrading automatically...
Loading Signatures
Warning: The existing 'NAMESPACE' file was not generated by roxygen2, and will not be overwritten.
Warning message:
roxygen2 requires Encoding: UTF-8 
